// Jest Snapshot v1, https://goo.gl/fbAQLP

exports[`//- Login Component Test Cases -// Login form shot 1`] = `undefined`;
